[    0.000000] Initializing cgroup subsys cpuset
[    0.000000] Initializing cgroup subsys cpu
[    0.000000] Initializing cgroup subsys cpuacct
[    0.000000] Linux version 4.4.0-146-generic (buildd@lcy01-amd64-025) (gcc version 5.4.0 20160609 (Ubuntu 5.4.0-6ubuntu1~16.04.10) ) #172-Ubuntu SMP Wed Apr 3 09:00:08 UTC 2019 (Ubuntu 4.4.0-146.172-generic 4.4.177)
[    0.000000] Command line: BOOT_IMAGE=/boot/vmlinuz-4.4.0-146-generic root=LABEL=cloudimg-rootfs ro console=tty1 console=ttyS0
[    0.000000] KERNEL supported cpus:
[    0.000000]   Intel GenuineIntel
[    0.000000]   AMD AuthenticAMD
[    0.000000]   Centaur CentaurHauls
[    0.000000] x86/fpu: xstate_offset[2]:  576, xstate_sizes[2]:  256
[    0.000000] x86/fpu: Supporting XSAVE feature 0x01: 'x87 floating point registers'
[    0.000000] x86/fpu: Supporting XSAVE feature 0x02: 'SSE registers'
[    0.000000] x86/fpu: Supporting XSAVE feature 0x04: 'AVX registers'
[    0.000000] x86/fpu: Enabled xstate features 0x7, context size is 832 bytes, using 'standard' format.
[    0.000000] e820: BIOS-provided physical RAM map:
[    0.000000] BIOS-e820: [mem 0x0000000000000000-0x000000000009fbff] usable
[    0.000000] BIOS-e820: [mem 0x000000000009fc00-0x000000000009ffff] reserved
[    0.000000] BIOS-e820: [mem 0x00000000000f0000-0x00000000000fffff] reserved
[    0.000000] BIOS-e820: [mem 0x0000000000100000-0x000000003ffeffff] usable
[    0.000000] BIOS-e820: [mem 0x000000003fff0000-0x000000003fffffff] ACPI data
[    0.000000] BIOS-e820: [mem 0x00000000fec00000-0x00000000fec00fff] reserved
[    0.000000] BIOS-e820: [mem 0x00000000fee00000-0x00000000fee00fff] reserved
[    0.000000] BIOS-e820: [mem 0x00000000fffc0000-0x00000000ffffffff] reserved
[    0.000000] NX (Execute Disable) protection: active
[    0.000000] SMBIOS 2.5 present.
[    0.000000] Hypervisor detected: KVM
[    0.000000] e820: last_pfn = 0x3fff0 max_arch_pfn = 0x400000000
[    0.000000] MTRR: Disabled
[    0.000000] x86/PAT: MTRRs disabled, skipping PAT initialization too.
[    0.000000] CPU MTRRs all blank - virtualized system.
[    0.000000] x86/PAT: Configuration [0-7]: WB  WT  UC- UC  WB  WT  UC- UC  
[    0.000000] found SMP MP-table at [mem 0x0009fff0-0x0009ffff] mapped at [ffff88000009fff0]
[    0.000000] Scanning 1 areas for low memory corruption
[    0.000000] RAMDISK: [mem 0x362fa000-0x37174fff]
[    0.000000] ACPI: Early table checksum verification disabled
[    0.000000] ACPI: RSDP 0x00000000000E0000 000024 (v02 VBOX  )
[    0.000000] ACPI: XSDT 0x000000003FFF0030 00003C (v01 VBOX   VBOXXSDT 00000001 ASL  00000061)
[    0.000000] ACPI: FACP 0x000000003FFF00F0 0000F4 (v04 VBOX   VBOXFACP 00000001 ASL  00000061)
[    0.000000] ACPI: DSDT 0x000000003FFF0470 0022EA (v02 VBOX   VBOXBIOS 00000002 INTL 20100528)
[    0.000000] ACPI: FACS 0x000000003FFF0200 000040
[    0.000000] ACPI: FACS 0x000000003FFF0200 000040
[    0.000000] ACPI: APIC 0x000000003FFF0240 00005C (v02 VBOX   VBOXAPIC 00000001 ASL  00000061)
[    0.000000] ACPI: SSDT 0x000000003FFF02A0 0001CC (v01 VBOX   VBOXCPUT 00000002 INTL 20100528)
[    0.000000] No NUMA configuration found
[    0.000000] Faking a node at [mem 0x0000000000000000-0x000000003ffeffff]
[    0.000000] NODE_DATA(0) allocated [mem 0x3ffeb000-0x3ffeffff]
[    0.000000] kvm-clock: Using msrs 4b564d01 and 4b564d00
[    0.000000] kvm-clock: cpu 0, msr 0:3ffe3001, primary cpu clock
[    0.000000] kvm-clock: using sched offset of 8598784711 cycles
[    0.000000] clocksource: kvm-clock: mask: 0xffffffffffffffff max_cycles: 0x1cd42e4dffb, max_idle_ns: 881590591483 ns
[    0.000000] Zone ranges:
[    0.000000]   DMA      [mem 0x0000000000001000-0x0000000000ffffff]
[    0.000000]   DMA32    [mem 0x0000000001000000-0x000000003ffeffff]
[    0.000000]   Normal   empty
[    0.000000]   Device   empty
[    0.000000] Movable zone start for each node
[    0.000000] Early memory node ranges
[    0.000000]   node   0: [mem 0x0000000000001000-0x000000000009efff]
[    0.000000]   node   0: [mem 0x0000000000100000-0x000000003ffeffff]
[    0.000000] Initmem setup node 0 [mem 0x0000000000001000-0x000000003ffeffff]
[    0.000000] ACPI: PM-Timer IO Port: 0x4008
[    0.000000] IOAPIC[0]: apic_id 2, version 32, address 0xfec00000, GSI 0-23
[    0.000000] ACPI: INT_SRC_OVR (bus 0 bus_irq 0 global_irq 2 dfl dfl)
[    0.000000] ACPI: INT_SRC_OVR (bus 0 bus_irq 9 global_irq 9 low level)
[    0.000000] Using ACPI (MADT) for SMP configuration information
[    0.000000] smpboot: Allowing 2 CPUs, 0 hotplug CPUs
[    0.000000] PM: Registered nosave memory: [mem 0x00000000-0x00000fff]
[    0.000000] PM: Registered nosave memory: [mem 0x0009f000-0x0009ffff]
[    0.000000] PM: Registered nosave memory: [mem 0x000a0000-0x000effff]
[    0.000000] PM: Registered nosave memory: [mem 0x000f0000-0x000fffff]
[    0.000000] e820: [mem 0x40000000-0xfebfffff] available for PCI devices
[    0.000000] Booting paravirtualized kernel on KVM
[    0.000000] clocksource: refined-jiffies: mask: 0xffffffff max_cycles: 0xffffffff, max_idle_ns: 7645519600211568 ns
[    0.000000] setup_percpu: NR_CPUS:512 nr_cpumask_bits:512 nr_cpu_ids:2 nr_node_ids:1
[    0.000000] PERCPU: Embedded 34 pages/cpu @ffff88003fc00000 s99480 r8192 d31592 u1048576
[    0.000000] Built 1 zonelists in Node order, mobility grouping on.  Total pages: 257912
[    0.000000] Policy zone: DMA32
[    0.000000] Kernel command line: BOOT_IMAGE=/boot/vmlinuz-4.4.0-146-generic root=LABEL=cloudimg-rootfs ro console=tty1 console=ttyS0
[    0.000000] PID hash table entries: 4096 (order: 3, 32768 bytes)
[    0.000000] Memory: 997732K/1048120K available (8609K kernel code, 1334K rwdata, 4028K rodata, 1484K init, 1284K bss, 50388K reserved, 0K cma-reserved)
[    0.000000] SLUB: HWalign=64, Order=0-3, MinObjects=0, CPUs=2, Nodes=1
[    0.000000] Kernel/User page tables isolation: enabled
[    0.000000] Hierarchical RCU implementation.
[    0.000000] 	Build-time adjustment of leaf fanout to 64.
[    0.000000] 	RCU restricting CPUs from NR_CPUS=512 to nr_cpu_ids=2.
[    0.000000] RCU: Adjusting geometry for rcu_fanout_leaf=64, nr_cpu_ids=2
[    0.000000] NR_IRQS:33024 nr_irqs:440 16
[    0.000000] Console: colour VGA+ 80x25
[    0.000000] console [tty1] enabled
[    0.000000] console [ttyS0] enabled
[    0.000000] tsc: Detected 1600.000 MHz processor
[    0.294057] Calibrating delay loop (skipped) preset value.. 3200.00 BogoMIPS (lpj=6400000)
[    0.298603] pid_max: default: 32768 minimum: 301
[    0.300918] ACPI: Core revision 20150930
[    0.303989] ACPI: 2 ACPI AML tables successfully acquired and loaded
[    0.307361] Security Framework initialized
[    0.309554] Yama: becoming mindful.
[    0.310966] AppArmor: AppArmor initialized
[    0.312923] Dentry cache hash table entries: 131072 (order: 8, 1048576 bytes)
[    0.318551] Inode-cache hash table entries: 65536 (order: 7, 524288 bytes)
[    0.322006] Mount-cache hash table entries: 2048 (order: 2, 16384 bytes)
[    0.325934] Mountpoint-cache hash table entries: 2048 (order: 2, 16384 bytes)
[    0.329601] Initializing cgroup subsys io
[    0.331987] Initializing cgroup subsys memory
[    0.334183] Initializing cgroup subsys devices
[    0.336769] Initializing cgroup subsys freezer
[    0.338946] Initializing cgroup subsys net_cls
[    0.341370] Initializing cgroup subsys perf_event
[    0.343706] Initializing cgroup subsys net_prio
[    0.346178] Initializing cgroup subsys hugetlb
[    0.348480] Initializing cgroup subsys pids
[    0.351822] mce: CPU supports 0 MCE banks
[    0.353943] Last level iTLB entries: 4KB 64, 2MB 8, 4MB 8
[    0.357052] Last level dTLB entries: 4KB 64, 2MB 0, 4MB 0, 1GB 4
[    0.360494] Spectre V2 : Mitigation: Full generic retpoline
[    0.362531] Spectre V2 : Spectre v2 / SpectreRSB mitigation: Filling RSB on context switch
[    0.365878] Speculative Store Bypass: Vulnerable
[    0.371973] Freeing SMP alternatives memory: 36K
[    0.385529] ftrace: allocating 32287 entries in 127 pages
[    0.462701] smpboot: APIC(0) Converting physical 0 to logical package 0
[    0.466077] smpboot: Max logical packages: 1
[    0.468534] x2apic enabled
[    0.470273] Switched APIC routing to physical x2apic.
[    0.474388] ..TIMER: vector=0x30 apic1=0 pin1=2 apic2=-1 pin2=-1
[    0.584468] smpboot: CPU0: Intel(R) Core(TM) i5-5250U CPU @ 1.60GHz (family: 0x6, model: 0x3d, stepping: 0x4)
[    0.588783] Performance Events: unsupported p6 CPU model 61 no PMU driver, software events only.
[    0.606326] KVM setup paravirtual spinlock
[    0.609284] x86: Booting SMP configuration:
[    0.611014] .... node  #0, CPUs:      #1
[    0.612885] kvm-clock: cpu 1, msr 0:3ffe3041, secondary cpu clock
[    0.616064] mce: CPU supports 0 MCE banks
[    0.619357] x86: Booted up 1 node, 2 CPUs
[    0.621739] smpboot: Total of 2 processors activated (6400.00 BogoMIPS)
[    0.625014] devtmpfs: initialized
[    0.628297] evm: security.selinux
[    0.629705] evm: security.SMACK64
[    0.631039] evm: security.SMACK64EXEC
[    0.632553] evm: security.SMACK64TRANSMUTE
[    0.634120] evm: security.SMACK64MMAP
[    0.635691] evm: security.ima
[    0.637118] evm: security.capability
[    0.638837] clocksource: jiffies: mask: 0xffffffff max_cycles: 0xffffffff, max_idle_ns: 7645041785100000 ns
[    0.643990] futex hash table entries: 512 (order: 3, 32768 bytes)
[    0.646915] pinctrl core: initialized pinctrl subsystem
[    0.649297] RTC time: 15:33:54, date: 05/13/19
[    0.651555] NET: Registered protocol family 16
[    0.664994] cpuidle: using governor ladder
[    0.677109] cpuidle: using governor menu
[    0.679641] PCCT header not found.
[    0.681793] ACPI: bus type PCI registered
[    0.683545] acpiphp: ACPI Hot Plug PCI Controller Driver version: 0.5
[    0.686307] PCI: Using configuration type 1 for base access
[    0.707070] ACPI: Added _OSI(Module Device)
[    0.709766] ACPI: Added _OSI(Processor Device)
[    0.712024] ACPI: Added _OSI(3.0 _SCP Extensions)
[    0.713912] ACPI: Added _OSI(Processor Aggregator Device)
[    0.717028] ACPI: Executed 1 blocks of module-level executable AML code
[    0.722019] ACPI: Interpreter enabled
[    0.723637] ACPI: (supports S0 S5)
[    0.725795] ACPI: Using IOAPIC for interrupt routing
[    0.728008] PCI: Using host bridge windows from ACPI; if necessary, use "pci=nocrs" and report a bug
[    0.737352] ACPI: PCI Root Bridge [PCI0] (domain 0000 [bus 00-ff])
[    0.739913] acpi PNP0A03:00: _OSC: OS supports [ASPM ClockPM Segments MSI]
[    0.743323] acpi PNP0A03:00: _OSC: not requesting OS control; OS requires [ExtendedConfig ASPM ClockPM MSI]
[    0.747952] acpi PNP0A03:00: fail to add MMCONFIG information, can't access extended PCI configuration space under this bridge.
[    0.752923] PCI host bridge to bus 0000:00
[    0.754503] pci_bus 0000:00: root bus resource [io  0x0000-0x0cf7 window]
[    0.757117] pci_bus 0000:00: root bus resource [io  0x0d00-0xffff window]
[    0.760378] pci_bus 0000:00: root bus resource [mem 0x000a0000-0x000bffff window]
[    0.763403] pci_bus 0000:00: root bus resource [mem 0x40000000-0xfdffffff window]
[    0.766809] pci_bus 0000:00: root bus resource [bus 00-ff]
[    0.773470] pci 0000:00:01.1: legacy IDE quirk: reg 0x10: [io  0x01f0-0x01f7]
[    0.776514] pci 0000:00:01.1: legacy IDE quirk: reg 0x14: [io  0x03f6]
[    0.778976] pci 0000:00:01.1: legacy IDE quirk: reg 0x18: [io  0x0170-0x0177]
[    0.782210] pci 0000:00:01.1: legacy IDE quirk: reg 0x1c: [io  0x0376]
[    0.814320] pci 0000:00:07.0: quirk: [io  0x4000-0x403f] claimed by PIIX4 ACPI
[    0.817834] pci 0000:00:07.0: quirk: [io  0x4100-0x410f] claimed by PIIX4 SMB
[    0.850409] ACPI: PCI Interrupt Link [LNKA] (IRQs 5 9 10 *11)
[    0.853644] ACPI: PCI Interrupt Link [LNKB] (IRQs 5 9 *10 11)
[    0.856651] ACPI: PCI Interrupt Link [LNKC] (IRQs 5 *9 10 11)
[    0.860377] ACPI: PCI Interrupt Link [LNKD] (IRQs 5 9 10 *11)
[    0.863349] ACPI: Enabled 2 GPEs in block 00 to 07
[    0.865907] vgaarb: setting as boot device: PCI:0000:00:02.0
[    0.868274] vgaarb: device added: PCI:0000:00:02.0,decodes=io+mem,owns=io+mem,locks=none
[    0.871793] vgaarb: loaded
[    0.873151] vgaarb: bridge control possible 0000:00:02.0
[    0.875770] SCSI subsystem initialized
[    0.877812] ACPI: bus type USB registered
[    0.879546] usbcore: registered new interface driver usbfs
[    0.881962] usbcore: registered new interface driver hub
[    0.884183] usbcore: registered new device driver usb
[    0.886630] PCI: Using ACPI for IRQ routing
[    0.889056] NetLabel: Initializing
[    0.890451] NetLabel:  domain hash size = 128
[    0.893060] NetLabel:  protocols = UNLABELED CIPSOv4
[    0.897177] NetLabel:  unlabeled traffic allowed by default
[    0.900472] amd_nb: Cannot enumerate AMD northbridges
[    0.903057] clocksource: Switched to clocksource kvm-clock
[    0.918535] AppArmor: AppArmor Filesystem Enabled
[    0.920776] pnp: PnP ACPI init
[    0.924011] pnp: PnP ACPI: found 3 devices
[    0.939488] clocksource: acpi_pm: mask: 0xffffff max_cycles: 0xffffff, max_idle_ns: 2085701024 ns
[    0.943976] NET: Registered protocol family 2
[    0.947803] TCP established hash table entries: 8192 (order: 4, 65536 bytes)
[    0.953846] TCP bind hash table entries: 8192 (order: 5, 131072 bytes)
[    0.961675] TCP: Hash tables configured (established 8192 bind 8192)
[    0.966376] UDP hash table entries: 512 (order: 2, 16384 bytes)
[    0.970735] UDP-Lite hash table entries: 512 (order: 2, 16384 bytes)
[    0.976219] NET: Registered protocol family 1
[    0.979843] pci 0000:00:00.0: Limiting direct PCI/PCI transfers
[    0.984590] pci 0000:00:01.0: Activating ISA DMA hang workarounds
[    0.990407] Unpacking initramfs...
[    1.338178] Freeing initrd memory: 14828K
[    1.340730] RAPL PMU detected, API unit is 2^-32 Joules, 4 fixed counters 10737418240 ms ovfl timer
[    1.344303] hw unit of domain pp0-core 2^-0 Joules
[    1.346155] hw unit of domain package 2^-0 Joules
[    1.348022] hw unit of domain dram 2^-0 Joules
[    1.350328] hw unit of domain pp1-gpu 2^-0 Joules
[    1.352511] platform rtc_cmos: registered platform RTC device (no PNP device found)
[    1.356175] Scanning for low memory corruption every 60 seconds
[    1.360551] audit: initializing netlink subsys (disabled)
[    1.362863] audit: type=2000 audit(1557761644.473:1): initialized
[    1.365797] Initialise system trusted keyring
[    1.367927] HugeTLB registered 2 MB page size, pre-allocated 0 pages
[    1.371937] zbud: loaded
[    1.373814] VFS: Disk quotas dquot_6.6.0
[    1.375733] VFS: Dquot-cache hash table entries: 512 (order 0, 4096 bytes)
[    1.378546] squashfs: version 4.0 (2009/01/31) Phillip Lougher
[    1.381520] fuse init (API version 7.23)
[    1.383508] Key type big_key registered
[    1.385263] Allocating IMA MOK and blacklist keyrings.
[    1.390171] Key type asymmetric registered
[    1.392168] Asymmetric key parser 'x509' registered
[    1.394271] Block layer SCSI generic (bsg) driver version 0.4 loaded (major 249)
[    1.398114] io scheduler noop registered
[    1.400632] io scheduler deadline registered (default)
[    1.402936] io scheduler cfq registered
[    1.405195] pci_hotplug: PCI Hot Plug PCI Core version: 0.5
[    1.408076] pciehp: PCI Express Hot Plug Controller Driver version: 0.4
[    1.411917] ACPI: AC Adapter [AC] (off-line)
[    1.414176] input: Power Button as /devices/LNXSYSTM:00/LNXPWRBN:00/input/input0
[    1.418502] ACPI: Power Button [PWRF]
[    1.420688] input: Sleep Button as /devices/LNXSYSTM:00/LNXSLPBN:00/input/input1
[    1.426223] ACPI: Sleep Button [SLPF]
[    1.429769] ACPI: Battery Slot [BAT0] (battery present)
[    1.432504] GHES: HEST is not enabled!
[    1.434744] Serial: 8250/16550 driver, 32 ports, IRQ sharing enabled
 	
 !"#$%&'()*+,-./0123456789:;<=>?@ABCDEFGHIJKLMNOPQRSTUVWXYZ[\]^_`abcdefghijklmnopqrstuvwxyz{|}~ÄÅÇÉÑÖÜáàâäãåçéèêëíìîïñóòôöõúùûü†°¢£§•¶ß®©™´¨≠ÆÒÚÛÙıˆ˜¯˘˙˚¸˝˛ˇ[    1.464392] 00:02: ttyS0 at I/O 0x3f8 (irq = 4, base_baud = 115200) is a 16550A
[    1.469847] Linux agpgart interface v0.103
[    1.474607] loop: module loaded
[    1.477665] scsi host0: ata_piix
[    1.479746] scsi host1: ata_piix
[    1.481800] ata1: PATA max UDMA/33 cmd 0x1f0 ctl 0x3f6 bmdma 0xd000 irq 14
[    1.485238] ata2: PATA max UDMA/33 cmd 0x170 ctl 0x376 bmdma 0xd008 irq 15
[    1.489024] libphy: Fixed MDIO Bus: probed
[    1.491429] tun: Universal TUN/TAP device driver, 1.6
[    1.494694] tun: (C) 1999-2004 Max Krasnyansky <maxk@qualcomm.com>
[    1.497945] PPP generic driver version 2.4.2
[    1.500544] ehci_hcd: USB 2.0 'Enhanced' Host Controller (EHCI) Driver
[    1.503688] ehci-pci: EHCI PCI platform driver
[    1.506233] ehci-platform: EHCI generic platform driver
[    1.509452] ohci_hcd: USB 1.1 'Open' Host Controller (OHCI) Driver
[    1.513360] ohci-pci: OHCI PCI platform driver
[    1.515945] ohci-platform: OHCI generic platform driver
[    1.518946] uhci_hcd: USB Universal Host Controller Interface driver
[    1.522309] i8042: PNP: PS/2 Controller [PNP0303:PS2K,PNP0f03:PS2M] at 0x60,0x64 irq 1,12
[    1.527694] serio: i8042 KBD port at 0x60,0x64 irq 1
[    1.530625] serio: i8042 AUX port at 0x60,0x64 irq 12
[    1.533369] mousedev: PS/2 mouse device common for all mice
[    1.537257] rtc_cmos rtc_cmos: rtc core: registered rtc_cmos as rtc0
[    1.540656] input: AT Translated Set 2 keyboard as /devices/platform/i8042/serio0/input/input2
[    1.545318] rtc_cmos rtc_cmos: alarms up to one day, 114 bytes nvram
[    1.548702] i2c /dev entries driver
[    1.550951] device-mapper: uevent: version 1.0.3
[    1.553472] device-mapper: ioctl: 4.34.0-ioctl (2015-10-28) initialised: dm-devel@redhat.com
[    1.558386] ledtrig-cpu: registered to indicate activity on CPUs
[    1.562464] NET: Registered protocol family 10
[    1.565261] NET: Registered protocol family 17
[    1.567676] Key type dns_resolver registered
[    1.570590] registered taskstats version 1
[    1.572781] Loading compiled-in X.509 certificates
[    1.576120] Loaded X.509 cert 'Build time autogenerated kernel key: 4dcb2dc2c7cf43e0c20c44384f68683c20294489'
[    1.581430] zswap: loaded using pool lzo/zbud
[    1.586168] Key type trusted registered
[    1.592878] Key type encrypted registered
[    1.594967] AppArmor: AppArmor sha1 policy hashing enabled
[    1.598152] ima: No TPM chip found, activating TPM-bypass!
[    1.601119] ima: Allocated hash algorithm: sha1
[    1.603884] evm: HMAC attrs: 0x1
[    1.606258]   Magic number: 3:590:588
[    1.608665] rtc_cmos rtc_cmos: setting system clock to 2019-05-13 15:33:55 UTC (1557761635)
[    1.613596] BIOS EDD facility v0.16 2004-Jun-25, 0 devices found
[    1.616519] EDD information not available.
[    1.651317] Freeing unused kernel memory: 1484K
[    1.653708] Write protecting the kernel read-only data: 14336k
[    1.657684] Freeing unused kernel memory: 1620K
[    1.660814] Freeing unused kernel memory: 68K
Loading, please wait...
starting version 229
[    1.683162] random: udevadm: uninitialized urandom read (16 bytes read, 3 bits of entropy available)
[    1.683380] random: systemd-udevd: uninitialized urandom read (16 bytes read, 3 bits of entropy available)
[    1.683499] random: systemd-udevd: uninitialized urandom read (16 bytes read, 3 bits of entropy available)
[    1.683517] random: systemd-udevd: uninitialized urandom read (16 bytes read, 3 bits of entropy available)
[    1.683539] random: systemd-udevd: uninitialized urandom read (16 bytes read, 3 bits of entropy available)
[    1.704995] random: udevadm: uninitialized urandom read (16 bytes read, 3 bits of entropy available)
[    1.714668] random: systemd-udevd: uninitialized urandom read (16 bytes read, 3 bits of entropy available)
[    1.718014] random: udevadm: uninitialized urandom read (16 bytes read, 3 bits of entropy available)
[    1.718100] random: udevadm: uninitialized urandom read (16 bytes read, 3 bits of entropy available)
[    1.718312] random: udevadm: uninitialized urandom read (16 bytes read, 3 bits of entropy available)
[    1.777874] e1000: Intel(R) PRO/1000 Network Driver - version 7.3.21-k8-NAPI
[    1.781327] e1000: Copyright (c) 1999-2006 Intel Corporation.
[    1.790213] Fusion MPT base driver 3.04.20
[    1.792803] Copyright (c) 1999-2008 LSI Corporation
[    1.831403] AVX2 version of gcm_enc/dec engaged.
[    1.833740] AES CTR mode by8 optimization enabled
[    1.841012] Fusion MPT SPI Host driver 3.04.20
[    2.027047] input: ImExPS/2 Generic Explorer Mouse as /devices/platform/i8042/serio1/input/input4
[    2.346279] e1000 0000:00:03.0 eth0: (PCI:33MHz:32-bit) 02:3a:f4:24:e2:72
[    2.350079] e1000 0000:00:03.0 eth0: Intel(R) PRO/1000 Network Connection
[    2.351683] tsc: Refined TSC clocksource calibration: 1600.215 MHz
[    2.351686] clocksource: tsc: mask: 0xffffffffffffffff max_cycles: 0x1710f01b459, max_idle_ns: 440795254047 ns
[    2.850476] e1000 0000:00:08.0 eth1: (PCI:33MHz:32-bit) 08:00:27:59:66:d0
[    2.853317] e1000 0000:00:08.0 eth1: Intel(R) PRO/1000 Network Connection
[    2.857063] mptbase: ioc0: Initiating bringup
[    2.857495] e1000 0000:00:08.0 enp0s8: renamed from eth1
[    2.869174] e1000 0000:00:03.0 enp0s3: renamed from eth0
[    2.931926] ioc0: LSI53C1030 A0: Capabilities={Initiator}
[    3.100322] scsi host2: ioc0: LSI53C1030 A0, FwRev=00000000h, Ports=1, MaxQ=256, IRQ=20
[    3.220440] scsi 2:0:0:0: Direct-Access     VBOX     HARDDISK         1.0  PQ: 0 ANSI: 5
[    3.226657] scsi target2:0:0: Beginning Domain Validation
[    3.232302] scsi target2:0:0: Domain Validation skipping write tests
[    3.234791] scsi target2:0:0: Ending Domain Validation
[    3.249337] scsi target2:0:0: asynchronous
[    3.252634] scsi 2:0:1:0: Direct-Access     VBOX     HARDDISK         1.0  PQ: 0 ANSI: 5
[    3.257050] scsi target2:0:1: Beginning Domain Validation
[    3.262978] scsi target2:0:1: Domain Validation skipping write tests
[    3.266232] scsi target2:0:1: Ending Domain Validation
[    3.269191] scsi target2:0:1: asynchronous
[    3.285954] sd 2:0:0:0: Attached scsi generic sg0 type 0
[    3.289295] sd 2:0:0:0: [sda] 20971520 512-byte logical blocks: (10.7 GB/10.0 GiB)
[    3.296170] sd 2:0:1:0: Attached scsi generic sg1 type 0
[    3.296856] sd 2:0:1:0: [sdb] 20480 512-byte logical blocks: (10.5 MB/10.0 MiB)
[    3.297372] sd 2:0:0:0: [sda] Write Protect is off
[    3.297952] sd 2:0:1:0: [sdb] Write Protect is off
[    3.297980] sd 2:0:0:0: [sda] Incomplete mode parameter data
[    3.297982] sd 2:0:0:0: [sda] Assuming drive cache: write through
[    3.298508] sd 2:0:1:0: [sdb] Incomplete mode parameter data
[    3.298511] sd 2:0:1:0: [sdb] Assuming drive cache: write through
[    3.317047] sd 2:0:1:0: [sdb] Attached SCSI disk
[    3.319536]  sda: sda1
[    3.322533] sd 2:0:0:0: [sda] Attached SCSI disk
Begin: Loading essential drivers ... [    4.927506] md: linear personality registered for level -1
[    4.935344] md: multipath personality registered for level -4
[    4.945347] md: raid0 personality registered for level 0
[    4.959035] md: raid1 personality registered for level 1
[    5.039212] raid6: sse2x1   gen()  6763 MB/s
[    5.115173] raid6: sse2x1   xor()  5213 MB/s
[    5.183133] raid6: sse2x2   gen()  8179 MB/s
[    5.251174] raid6: sse2x2   xor()  5804 MB/s
[    5.319135] raid6: sse2x4   gen() 10675 MB/s
[    5.387137] raid6: sse2x4   xor()  7469 MB/s
[    5.455175] raid6: avx2x1   gen() 14556 MB/s
[    5.523888] raid6: avx2x2   gen() 17485 MB/s
[    5.591135] raid6: avx2x4   gen() 19098 MB/s
[    5.593616] raid6: using algorithm avx2x4 gen() 19098 MB/s
[    5.596241] raid6: using avx2x2 recovery algorithm
[    5.600272] xor: automatically using best checksumming function:
[    5.639228]    avx       : 20068.000 MB/sec
[    5.643868] async_tx: api initialized (async)
[    5.751621] md: raid6 personality registered for level 6
[    5.754649] md: raid5 personality registered for level 5
[    5.757769] md: raid4 personality registered for level 4
[    5.774359] md: raid10 personality registered for level 10
done.
Begin: Running /scripts/init-premount ... done.
Begin: Mounting root file system ... Begin: Running /scripts/local-top ... done.
Begin: Running /scripts/local-premount ... [    5.826555] Btrfs loaded
Scanning for Btrfs filesystems
done.
Warning: fsck not present, so skipping root file system
[    5.896782] EXT4-fs (sda1): mounted filesystem with ordered data mode. Opts: (null)
done.
Begin: Running /scripts/local-bottom ... done.
Begin: Running /scripts/init-bottom ... done.
[    6.174376] systemd[1]: systemd 229 running in system mode. (+PAM +AUDIT +SELINUX +IMA +APPARMOR +SMACK +SYSVINIT +UTMP +LIBCRYPTSETUP +GCRYPT +GNUTLS +ACL +XZ -LZ4 +SECCOMP +BLKID +ELFUTILS +KMOD -IDN)
[    6.184569] systemd[1]: Detected virtualization oracle.
[    6.187317] systemd[1]: Detected architecture x86-64.

Welcome to [1mUbuntu 16.04.6 LTS[0m!

[    6.198793] systemd[1]: Set hostname to <ubuntu>.
[    6.212384] systemd[1]: Initializing machine ID from random generator.
[    6.215788] systemd[1]: Installed transient /etc/machine-id file.
[    6.927911] systemd[1]: Listening on udev Kernel Socket.
[[0;32m  OK  [0m] Listening on udev Kernel Socket.
[    6.936149] systemd[1]: Created slice User and Session Slice.
[[0;32m  OK  [0m] Created slice User and Session Slice.
[    6.943421] systemd[1]: Listening on LVM2 poll daemon socket.
[[0;32m  OK  [0m] Listening on LVM2 poll daemon socket.
[    6.949851] systemd[1]: Listening on Journal Audit Socket.
[[0;32m  OK  [0m] Listening on Journal Audit Socket.
[    6.955758] systemd[1]: Listening on Journal Socket (/dev/log).
[[0;32m  OK  [0m] Listening on Journal Socket (/dev/log).
[    6.961924] systemd[1]: Listening on /dev/initctl Compatibility Named Pipe.
[[0;32m  OK  [0m] Listening on /dev/initctl Compatibility Named Pipe.
[    6.969903] systemd[1]: Reached target System Time Synchronized.
[[0;32m  OK  [0m] Reached target System Time Synchronized.
[    6.976509] systemd[1]: Created slice System Slice.
[[0;32m  OK  [0m] Created slice System Slice.
[    6.981724] systemd[1]: Reached target User and Group Name Lookups.
[[0;32m  OK  [0m] Reached target User and Group Name Lookups.
[    6.988396] systemd[1]: Reached target Encrypted Volumes.
[[0;32m  OK  [0m] Reached target Encrypted Volumes.
[    6.994210] systemd[1]: Listening on Journal Socket.
[[0;32m  OK  [0m] Listening on Journal Socket.
[    7.011939] systemd[1]: Starting Nameserver information manager...
         Starting Nameserver information manager...
[    7.021806] systemd[1]: Starting Load Kernel Modules...
         Starting Load Kernel Modules...
[    7.029940] systemd[1]: Mounting POSIX Message Queue File System...
         Mounting POSIX Message Queue File System...
[    7.038443] systemd[1]: Mounting Debug File System...
         Mounting Debug File System...
[    7.045727] systemd[1]: Starting Remount Root and Kernel File Systems...
         Starting Remount Root and Kernel File Systems...
[    7.054822] systemd[1]: Listening on udev Control Socket.
[    7.057390] EXT4-fs (sda1): re-mounted. Opts: (null)
[[0;32m  OK  [0m] Listening on udev Control Socket.
[    7.065395] systemd[1]: Listening on LVM2 metadata daemon socket.
[    7.069232] Loading iSCSI transport class v2.0-870.
[[0;32m  OK  [0m] Listening on LVM2 metadata daemon socket.
[    7.075895] systemd[1]: Starting Uncomplicated firewall...
         Starting Uncomplicated firewall...
[    7.083667] systemd[1]: Starting Set console keymap...
         Starting Set console keymap...
[    7.090049] systemd[1]: Reached target Swap.
[[0;32m  OK  [0m] Reached target Swap.
[    7.097170] systemd[1]: Listening on Syslog Socket.
[    7.101158] iscsi: registered transport (tcp)
[[0;32m  OK  [0m] Listening on Syslog Socket.
[    7.110200] systemd[1]: Starting Journal Service...
         Starting Journal Service...
[    7.117342] systemd[1]: Starting Create list of required static device nodes for the current kernel...
         Starting Create list of required st... nodes for the current kernel...
[    7.129812] systemd[1]: Reached target Slices.
[[0;32m  OK  [0m] Reached target Slices.
[    7.143522] systemd[1]: Listening on Device-mapper event daemon FIFOs.
[[0;32m  OK  [0m] Listening on Device-mapper event daemon FIFOs.
[    7.167461] systemd[1]: Starting Monitoring of LVM2 mirrors, snapshots etc. using dmeventd or progress polling...
         Starting Monitoring of LVM2 mirrors... dmeventd or progress polling...
[    7.182569] systemd[1]: Mounting Huge Pages File System...
         Mounting Huge Pages File System...
[    7.195579] systemd[1]: Started Trigger resolvconf update for networkd DNS.
[[0;32m  OK  [0m] Started Trigger resolvconf update for networkd DNS.
[    7.210567] systemd[1]: Started Forward Password Requests to Wall Directory Watch.
[[0;32m  OK  [0m] Started Forward Password Requests to Wall Directory Watch.
[    7.222407] systemd[1]: Created slice system-serial\x2dgetty.slice.
[[0;32m  OK  [0m] Created slice system-serial\x2dgetty.slice.
[    7.230902] systemd[1]: Set up automount Arbitrary Executable File Formats File System Automount Point.
[[0;32m  OK  [0m] Set up automount Arbitrary Executab...ats File System Automount Point.
[    7.264688] systemd[1]: Mounted POSIX Message Queue File System.
[    7.268309] iscsi: registered transport (iser)
[[0;32m  OK  [0m] Mounted POSIX Message Queue File System.
[    7.272344] systemd[1]: Mounted Debug File System.
[[0;32m  OK  [0m] Mounted Debug File System.
[    7.276706] systemd[1]: Mounted Huge Pages File System.
[[0;32m  OK  [0m] Mounted Huge Pages File System.
[    7.281542] systemd[1]: Started Journal Service.
[[0;32m  OK  [0m] Started Journal Service.
[[0;32m  OK  [0m] Started Load Kernel Modules.
[[0;32m  OK  [0m] Started Remount Root and Kernel File Systems.
[[0;32m  OK  [0m] Started Uncomplicated firewall.
[[0;32m  OK  [0m] Started Set console keymap.
[[0;32m  OK  [0m] Started Create list of required sta...ce nodes for the current kernel.
[[0;32m  OK  [0m] Started Nameserver information manager.
[[0;32m  OK  [0m] Started LVM2 metadata daemon.
         Starting Create Static Device Nodes in /dev...
         Starting udev Coldplug all Devices...
         Starting Load/Save Random Seed...
         Mounting FUSE Control File System...
         Starting Apply Kernel Variables...
         Starting Flush Journal to Persistent Storage...
[    7.420388] random: nonblocking pool is initialized
[[0;32m  OK  [0m] Mounted FUSE Control File System.
[[0;32m  OK  [0m] Started Load/Save Random Seed.
[[0;32m  OK  [0m] Started Create Static Device Nodes in /dev.
[[0;32m  OK  [0m] Started Apply Kernel Variables.
[[0;32m  OK  [0m] Started Flush Journal to Persistent Storage.
[[0;32m  OK  [0m] Started udev Coldplug all Devices.
         Starting udev Kernel Device Manager...
[[0;32m  OK  [0m] Started Monitoring of LVM2 mirrors,...ng dmeventd or progress polling.
[[0;32m  OK  [0m] Reached target Local File Systems (Pre).
[[0;32m  OK  [0m] Reached target Local File Systems.
         Starting Commit a transient machine-id on disk...
         Starting LSB: AppArmor initialization...
         Starting Set console font and keymap...
         Starting Initial cloud-init job (pre-networking)...
         Starting Tell Plymouth To Write Out Runtime Data...
         Starting Create Volatile Files and Directories...
[[0;32m  OK  [0m] Started udev Kernel Device Manager.
[[0;32m  OK  [0m] Started Commit a transient machine-id on disk.
[[0;32m  OK  [0m] Started Tell Plymouth To Write Out Runtime Data.
[[0;32m  OK  [0m] Started Create Volatile Files and Directories.
         Starting Update UTMP about System Boot/Shutdown...
[[0;32m  OK  [0m] Started Dispatch Password Requests to Console Directory Watch.
[[0;32m  OK  [0m] Started Update UTMP about System Boot/Shutdown.
[[0;32m  OK  [0m] Found device /dev/ttyS0.
[[0;32m  OK  [0m] Listening on Load/Save RF Kill Switch Status /dev/rfkill Watch.
[[0;32m  OK  [0m] Started LSB: AppArmor initialization.
[[0;32m  OK  [0m] Started Set console font and keymap.
[[0;32m  OK  [0m] Created slice system-getty.slice.
[   10.431838] cloud-init[485]: Cloud-init v. 18.5-45-g3554ffe8-0ubuntu1~16.04.1 running 'init-local' at Mon, 13 May 2019 15:34:04 +0000. Up 9.81 seconds.
[[0;32m  OK  [0m] Started Initial cloud-init job (pre-networking).
[[0;32m  OK  [0m] Reached target Network (Pre).
         Starting Raise network interfaces...
[[0;32m  OK  [0m] Started Raise network interfaces.
         Starting Initial cloud-init job (metadata service crawler)...
[[0;32m  OK  [0m] Reached target Network.
[   12.489988] cloud-init[952]: Cloud-init v. 18.5-45-g3554ffe8-0ubuntu1~16.04.1 running 'init' at Mon, 13 May 2019 15:34:05 +0000. Up 11.31 seconds.
[   12.496651] cloud-init[952]: ci-info: ++++++++++++++++++++++++++++++++++++++Net device info+++++++++++++++++++++++++++++++++++++++
[   12.503430] cloud-init[952]: ci-info: +--------+-------+----------------------------+---------------+--------+-------------------+
[   12.510233] cloud-init[952]: ci-info: | Device |   Up  |          Address           |      Mask     | Scope  |     Hw-Address    |
[   12.516236] cloud-init[952]: ci-info: +--------+-------+----------------------------+---------------+--------+-------------------+
[   12.521776] cloud-init[952]: ci-info: | enp0s3 |  True |         10.0.2.15          | 255.255.255.0 | global | 02:3a:f4:24:e2:72 |
[   12.529251] cloud-init[952]: ci-info: | enp0s3 |  True | fe80::3a:f4ff:fe24:e272/64 |       .       |  link  | 02:3a:f4:24:e2:72 |
[   12.535813] cloud-init[952]: ci-info: | enp0s8 | False |             .              |       .       |   .    | 08:00:27:59:66:d0 |
[   12.542205] cloud-init[952]: ci-info: |   lo   |  True |         127.0.0.1          |   255.0.0.0   |  host  |         .         |
[   12.548458] cloud-init[952]: ci-info: |   lo   |  True |          ::1/128           |       .       |  host  |         .         |
[   12.553990] cloud-init[952]: ci-info: +--------+-------+----------------------------+---------------+--------+-------------------+
[   12.560022] cloud-init[952]: ci-info: +++++++++++++++++++++++++++Route IPv4 info++++++++++++++++++++++++++++
[   12.566471] cloud-init[952]: ci-info: +-------+-------------+----------+---------------+-----------+-------+
[   12.571419] cloud-init[952]: ci-info: | Route | Destination | Gateway  |    Genmask    | Interface | Flags |
[   12.576874] cloud-init[952]: ci-info: +-------+-------------+----------+---------------+-----------+-------+
[   12.581609] cloud-init[952]: ci-info: |   0   |   0.0.0.0   | 10.0.2.2 |    0.0.0.0    |   enp0s3  |   UG  |
[   12.586325] cloud-init[952]: ci-info: |   1   |   10.0.2.0  | 0.0.0.0  | 255.255.255.0 |   enp0s3  |   U   |
[   12.591201] cloud-init[952]: ci-info: +-------+-------------+----------+---------------+-----------+-------+
[   12.596463] cloud-init[952]: ci-info: +++++++++++++++++++Route IPv6 info+++++++++++++++++++
[   12.601055] cloud-init[952]: ci-info: +-------+-------------+---------+-----------+-------+
[   12.605784] cloud-init[952]: ci-info: | Route | Destination | Gateway | Interface | Flags |
[   12.609507] cloud-init[952]: ci-info: +-------+-------------+---------+-----------+-------+
[   12.613806] cloud-init[952]: ci-info: |   0   |  fe80::/64  |    ::   |   enp0s3  |   U   |
[   12.618432] cloud-init[952]: ci-info: |   3   |   ff00::/8  |    ::   |   enp0s3  |   U   |
[   12.623417] cloud-init[952]: ci-info: +-------+-------------+---------+-----------+-------+
[   12.628303] cloud-init[952]: Generating public/private rsa key pair.
[   12.633096] cloud-init[952]: Your identification has been saved in /etc/ssh/ssh_host_rsa_key.
[   12.637342] cloud-init[952]: Your public key has been saved in /etc/ssh/ssh_host_rsa_key.pub.
[   12.642293] cloud-init[952]: The key fingerprint is:
[   12.645895] cloud-init[952]: SHA256:WyKxn7XErQjAx525azlTdP9DS5OW82rwZTg/LazTEKw root@ubuntu-xenial
[   12.650894] cloud-init[952]: The key's randomart image is:
[   12.654454] cloud-init[952]: +---[RSA 2048]----+
[   12.657729] cloud-init[952]: |                 |
[   12.660685] cloud-init[952]: |   . . . o       |
[   12.663829] cloud-init[952]: |    o + + ...    |
[   12.667008] cloud-init[952]: |     o o + oo.  o|
[   12.670089] cloud-init[952]: |      + S *....X |
[   12.673140] cloud-init[952]: |       + %Eoo *.B|
[   12.676363] cloud-init[952]: |        @ o  * B+|
[   12.679267] cloud-init[952]: |       . o  . *o+|
[   12.682536] cloud-init[952]: |            .+...|
[   12.685595] cloud-init[952]: +----[SHA256]-----+
[   12.688884] cloud-init[952]: Generating public/private dsa key pair.
[   12.692798] cloud-init[952]: Your identification has been saved in /etc/ssh/ssh_host_dsa_key.
[   12.697931] cloud-init[952]: Your public key has been saved in /etc/ssh/ssh_host_dsa_key.pub.
[   12.701904] cloud-init[952]: The key fingerprint is:
[   12.704319] cloud-init[952]: SHA256:tGvBjf2x5h8xdZwO25j4Xc3xmJGdAqUEYBQudxQtH7Q root@ubuntu-xenial
[   12.708080] cloud-init[952]: The key's randomart image is:
[   12.710566] cloud-init[952]: +---[DSA 1024]----+
[   12.713105] cloud-init[952]: |      .=o+=+..   |
[   12.715197] cloud-init[952]: |      o ...o+  +o|
[   12.717427] cloud-init[952]: |     . o..oE.oo+=|
[   12.720965] cloud-init[952]: |      oo.= .. O*=|
[   12.723112] cloud-init[952]: |        S o..+=o=|
[   12.726376] cloud-init[952]: |         o ..o.o.|
[   12.728749] cloud-init[952]: |        o   +... |
[   12.732445] cloud-init[952]: |       .   o   . |
[   12.736055] cloud-init[952]: |            ...  |
[   12.738366] cloud-init[952]: +----[SHA256]-----+
[   12.740746] cloud-init[952]: Generating public/private ecdsa key pair.
[   12.744585] cloud-init[952]: Your identification has been saved in /etc/ssh/ssh_host_ecdsa_key.
[   12.747728] cloud-init[952]: Your public key has been saved in /etc/ssh/ssh_host_ecdsa_key.pub.
[   12.751319] cloud-init[952]: The key fingerprint is:
[   12.753808] cloud-init[952]: SHA256:Uxrghs/UwTSezceVn/8p4NaOh9VCduu9/gEwPO/OWhM root@ubuntu-xenial
[   12.757341] cloud-init[952]: The key's randomart image is:
[   12.759682] cloud-init[952]: +---[ECDSA 256]---+
[   12.762045] cloud-init[952]: |      .o+     .. |
[   12.764748] cloud-init[952]: |     o +.*.. ..  |
[   12.765289] cloud-init[952]: |    . + = +=o  ..|
[   12.767182] cloud-init[952]: |     =   + .=o o.|
[[   12.769309] cloud-init[952]: |      o S   oEo o|
[   12.769505] cloud-init[952]: |         . ..ooo.|
[   12.771773] cloud-init[952]: |          . =+o.+|
[   12.772710] cloud-init[952]: |           +=+.o+|
[   12.774790] cloud-init[952]: |          .o++oo+|
[   12.775568] cloud-init[952]: +----[SHA256]-----+
[   12.777654] cloud-init[952]: Generating public/private ed25519 key pair.
[   12.778862] cloud-init[952]: Your identification has been saved in /etc/ssh/ssh_host_ed25519_key.
[   12.781495] cloud-init[952]: Your public key has been saved in /etc/ssh/ssh_host_ed25519_key.pub.
[0;32m  OK  [0m] Started Initial cloud-init job (metadata service crawler).
[   12.785515] cloud-init[952]: The key fingerprint is:
[   12.792319] cloud-init[952]: SHA256:WXk4b97vzGv6NWWJqvO9hpejrZR+J5kryy5DYjTXRw8 root@ubuntu-xenial
[[0;32m  OK  [0m] Reached target Cloud-config availability.[   12.796714] cloud-init[952]: The key's randomart image is:
[   12.798110] cloud-init[952]: +--[ED25519 256]--+
[   12.799053] cloud-init[952]: |                 |
[   12.802127] cloud-init[952]: |           o E   |
[   12.803041] cloud-init[952]: |          * o o  |
[   12.804826] cloud-init[952]: |       o + = ....|
[   12.807327] cloud-init[952]: |      . S   +. .o|
[   12.808274] cloud-init[952]: |       o . oo. ..|

[   12.810391] cloud-init[952]: |      . o  +o =..|
[   12.810533] cloud-init[952]: |         +=ooX *o|
[   12.812858] cloud-init[952]: |         .*OO*X+*|
[   12.815020] cloud-init[952]: +----[SHA256]-----+
[[0;32m  OK  [0m] Reached target System Initialization.
[[0;32m  OK  [0m] Listening on ACPID Listen Socket.
[[0;32m  OK  [0m] Started ACPI Events Check.
[[0;32m  OK  [0m] Reached target Paths.
[[0;32m  OK  [0m] Started Daily Cleanup of Temporary Directories.
         Starting Socket activation for snappy daemon.
[[0;32m  OK  [0m] Listening on D-Bus System Message Bus Socket.
         Starting LXD - unix socket.
[[0;32m  OK  [0m] Started Daily apt download activities.
[[0;32m  OK  [0m] Started Daily apt upgrade and clean activities.
[[0;32m  OK  [0m] Reached target Timers.
[[0;32m  OK  [0m] Listening on UUID daemon activation socket.
[[0;32m  OK  [0m] Reached target Network is Online.
         Starting iSCSI initiator daemon (iscsid)...
[[0;32m  OK  [0m] Listening on Socket activation for snappy daemon.
[[0;32m  OK  [0m] Listening on LXD - unix socket.
[[0;32m  OK  [0m] Reached target Sockets.
[[0;32m  OK  [0m] Reached target Basic System.
         Starting System Logging Service...
         Starting Virtualbox guest utils...
         Starting Snappy daemon...
[[0;32m  OK  [0m] Started Unattended Upgrades Shutdown.
         Starting Login Service...
         Starting LSB: MD monitoring daemon...
         Starting /etc/rc.local Compatibility...
         Starting Accounts Service...
[[0;32m  OK  [0m] Started Deferred execution scheduler.
         Starting LSB: Record successful boot for GRUB...
         Starting Pollinate to seed the pseudo random number generator...
[[0;32m  OK  [0m] Started Regular background program processing daemon.
         Starting LXD - container startup/shutdown...
[[0;32m  OK  [0m] Started FUSE filesystem for LXC.
[[0;32m  OK  [0m] Started ACPI event daemon.
[[0;32m  OK  [0m] Started D-Bus System Message Bus.
[[0;32m  OK  [0m] Started System Logging Service.
[[0;32m  OK  [0m] Started /etc/rc.local Compatibility.
[[0;32m  OK  [0m] Started iSCSI initiator daemon (iscsid).
[[0;32m  OK  [0m] Started Login Service.
         Starting Authenticate and Authorize Users to Run Privileged Tasks...
         Starting Login to default iSCSI targets...
[[0;32m  OK  [0m] Started LSB: Record successful boot for GRUB.
[[0;32m  OK  [0m] Started Authenticate and Authorize Users to Run Privileged Tasks.
[[0;32m  OK  [0m] Started Accounts Service.
[[0;32m  OK  [0m] Started LSB: MD monitoring daemon.
[[0;32m  OK  [0m] Started Login to default iSCSI targets.
[[0;32m  OK  [0m] Reached target Remote File Systems (Pre).
[[0;32m  OK  [0m] Reached target Remote File Systems.
         Starting LSB: daemon to balance interrupts for SMP systems...
         Starting Permit User Sessions...
         Starting LSB: Set the CPU Frequency Scaling governor to "ondemand"...
         Starting LSB: automatic crash report generation...
[[0;32m  OK  [0m] Started Virtualbox guest utils.
[[0;32m  OK  [0m] Started LXD - container startup/shutdown.
[[0;32m  OK  [0m] Started Permit User Sessions.
[[0;32m  OK  [0m] Started Snappy daemon.
         Starting Wait until snapd is fully seeded...
         Starting Terminate Plymouth Boot Screen...
         Starting Hold until boot process finishes up...
[[0;32m  OK  [0m] Started LSB: Set the CPU Frequency Scaling governor to "ondemand".
[[0;32m  OK  [0m] Started LSB: automatic crash report generation.
[[0;32m  OK  [0m] Started Terminate Plymouth Boot Screen.
[[0;32m  OK  [0m] Started Hold until boot process finishes up.
[[0;32m  OK  [0m] Started LSB: daemon to balance interrupts for SMP systems.
[[0;32m  OK  [0m] Started Serial Getty on ttyS0.
[[0;32m  OK  [0m] Started Getty on tty1.
[[0;32m  OK  [0m] Reached target Login Prompts.
         Starting Set console scheme...
[[0;32m  OK  [0m] Started Pollinate to seed the pseudo random number generator.
[[0;32m  OK  [0m] Started Set console scheme.
         Starting OpenBSD Secure Shell server...
[[0;32m  OK  [0m] Started OpenBSD Secure Shell server.
[[0;32m  OK  [0m] Created slice User Slice of vagrant.
         Starting User Manager for UID 1000...
[[0;32m  OK  [0m] Started Session 1 of user vagrant.
[[0;32m  OK  [0m] Started User Manager for UID 1000.
[[0;32m  OK  [0m] Started Wait until snapd is fully seeded.
         Starting Apply the settings specified in cloud-config...
[[0;32m  OK  [0m] Reached target Multi-User System.
[[0;32m  OK  [0m] Reached target Graphical Interface.
         Starting Update UTMP about System Runlevel Changes...
[[0;32m  OK  [0m] Started Update UTMP about System Runlevel Changes.
[   17.146012] cloud-init[1376]: Generating locales (this might take a while)...
         Stopping User Manager for UID 1000...
[[0;32m  OK  [0m] Stopped User Manager for UID 1000.
[[0;32m  OK  [0m] Removed slice User Slice of vagrant.
[[0;32m  OK  [0m] Created slice User Slice of vagrant.
         Starting User Manager for UID 1000...
[[0;32m  OK  [0m] Started Session 2 of user vagrant.
[[0;32m  OK  [0m] Started User Manager for UID 1000.
[   18.873776] cloud-init[1376]:   en_US.UTF-8... done
[   18.877896] cloud-init[1376]: Generation complete.
[   19.746512] cloud-init[1376]: Cloud-init v. 18.5-45-g3554ffe8-0ubuntu1~16.04.1 running 'modules:config' at Mon, 13 May 2019 15:34:11 +0000. Up 16.81 seconds.

Ubuntu 16.04.6 LTS ubuntu-xenial ttyS0

ubuntu-xenial login: ci-info: no authorized ssh keys fingerprints found for user ubuntu.
<14>May 13 15:34:15 ec2: 
<14>May 13 15:34:15 ec2: #############################################################
<14>May 13 15:34:15 ec2: -----BEGIN SSH HOST KEY FINGERPRINTS-----
<14>May 13 15:34:15 ec2: 1024 SHA256:tGvBjf2x5h8xdZwO25j4Xc3xmJGdAqUEYBQudxQtH7Q root@ubuntu-xenial (DSA)
<14>May 13 15:34:15 ec2: 256 SHA256:Uxrghs/UwTSezceVn/8p4NaOh9VCduu9/gEwPO/OWhM root@ubuntu-xenial (ECDSA)
<14>May 13 15:34:15 ec2: 256 SHA256:WXk4b97vzGv6NWWJqvO9hpejrZR+J5kryy5DYjTXRw8 root@ubuntu-xenial (ED25519)
<14>May 13 15:34:15 ec2: 2048 SHA256:WyKxn7XErQjAx525azlTdP9DS5OW82rwZTg/LazTEKw root@ubuntu-xenial (RSA)
<14>May 13 15:34:15 ec2: -----END SSH HOST KEY FINGERPRINTS-----
<14>May 13 15:34:15 ec2: #############################################################
-----BEGIN SSH HOST KEY KEYS-----
ecdsa-sha2-nistp256 AAAAE2VjZHNhLXNoYTItbmlzdHAyNTYAAAAIbmlzdHAyNTYAAABBBC4z/+JUhQy/cdqcbvd+w7hbRbdBr3H3vsRSulrZd1e5diCW7Pdt9aDvdeH+9CVxFI3tNx69NFRiEUevKkzEj/Y= root@ubuntu-xenial
ssh-ed25519 AAAAC3NzaC1lZDI1NTE5AAAAIMtqe2CVyJpH45yFMkB3lrK3hkzJzdRDhRUCeyksRI7W root@ubuntu-xenial
ssh-rsa AAAAB3NzaC1yc2EAAAADAQABAAABAQC0rdJUl4Cg737hXykXz5DXblAdO9a9LY6YxxwValD3jFfAbXH/uddwJacQ/gqv00TFjVvU4KUvNpwwoYZzLmsvX9BRmvcwVt8ob62Czp9ln9VcoKTHnS4n0TQSsAYMUGcW346c7sM5PdUUo15ek9Poi9HrMBVKceSh6paFYCg/QpHHw89+uW2lXBOFAPY4zr0rBPU1/Xbb0brBh1mOj7Io3bKUrMrWsapMlXX1BUUHzx1v4t4mBlizf3Ib0SFcQTLPRa7bAmVY/Q/z16QsPP05hX3Ljhb8FwWlk14iaziXRTNnukqFglsJ/D5WL1kM8LB0rqnI5M0ooLllwPcUDPxf root@ubuntu-xenial
-----END SSH HOST KEY KEYS-----
[   20.993392] cloud-init[1679]: Cloud-init v. 18.5-45-g3554ffe8-0ubuntu1~16.04.1 running 'modules:final' at Mon, 13 May 2019 15:34:14 +0000. Up 20.63 seconds.
[   20.999295] cloud-init[1679]: ci-info: no authorized ssh keys fingerprints found for user ubuntu.
[   21.002238] cloud-init[1679]: Cloud-init v. 18.5-45-g3554ffe8-0ubuntu1~16.04.1 finished at Mon, 13 May 2019 15:34:15 +0000. Datasource DataSourceNoCloud [seed=/dev/sdb][dsmode=net].  Up 20.95 seconds
